#-----------------------------------------------------------
# Vivado v2020.2 (64-bit)
# SW Build 3064766 on Wed Nov 18 09:12:45 MST 2020
# IP Build 3064653 on Wed Nov 18 14:17:31 MST 2020
# Start of session at: Mon May  1 21:27:57 2023
# Process ID: 1840
# Current directory: C:/Users/Filip/Desktop/digitalelprojekt/project_4
# Command line: vivado.exe -gui_launcher_event rodinguilauncherevent10856 C:\Users\Filip\Desktop\digitalelprojekt\project_4\project_4.xpr
# Log file: C:/Users/Filip/Desktop/digitalelprojekt/project_4/vivado.log
# Journal file: C:/Users/Filip/Desktop/digitalelprojekt/project_4\vivado.jou
#-----------------------------------------------------------
start_gui
open_project C:/Users/Filip/Desktop/digitalelprojekt/project_4/project_4.xpr
update_compile_order -fileset sources_1
launch_simulation
source tb_timer_7seg.tcl
current_wave_config {Untitled 1}
add_wave {{/tb_timer_7seg/inst_timer_7seg/inst_timer/cnt1}} 
current_wave_config {Untitled 1}
add_wave {{/tb_timer_7seg/inst_timer_7seg/inst_timer/cnt2}} 
relaunch_sim
close_sim
launch_simulation
source tb_timer_7seg.tcl
close_sim
launch_simulation
source tb_timer_7seg.tcl
close_sim
set_property top tb_timer [get_filesets sim_1]
set_property top_lib xil_defaultlib [get_filesets sim_1]
update_compile_order -fileset sim_1
launch_simulation
launch_simulation
launch_simulation
launch_simulation
